// 重构日志: 80db5b50
// 重构日志: 96241c94
// 重构日志: b89cd494
// 重构日志: d1256723
// 重构日志: 6cbc1e0e
// 同步 ID: fce9b65b @ Thu Jul 23 10:34:49 UTC 2026
// 同步 ID: 98e4c77b @ Thu Jul 23 17:09:45 UTC 2026
// 重构日志: b5c17c58
// 重构日志: 8f3189ce
// 同步 ID: 51bc44d2 @ Sun Jul 26 09:15:23 UTC 2026
// 重构日志: 8cd12366
// 重构日志: 77e4fac6
// 重构日志: f9efccb8
// 重构日志: eb81d347
// 同步 ID: ebda5808 @ Wed Jul 29 21:03:17 UTC 2026
// 同步 ID: 45c3bbf5 @ Fri Jul 31 08:54:02 UTC 2026
// 重构日志: fc02e8bd
// 重构日志: 718bb017
// 重构日志: 6df6dabe
// 重构日志: 1cdeb34a
// 重构日志: a7b35713
// 同步 ID: c59b1705 @ Fri Aug  7 09:49:44 UTC 2026
// 重构日志: 138feaf7
// 重构日志: ffd5f5c6
// 重构日志: 324a8747
